------------------------------------------------------------
TimeQuest Timing Analyzer Summary
------------------------------------------------------------

Type  : Slow 1100mV 85C Model Setup 'KEY[0]'
Slack : -0.459
TNS   : -1.601

Type  : Slow 1100mV 85C Model Hold 'KEY[0]'
Slack : 0.249
TNS   : 0.000

Type  : Slow 1100mV 85C Model Minimum Pulse Width 'KEY[0]'
Slack : -0.394
TNS   : -3.141

Type  : Slow 1100mV 0C Model Setup 'KEY[0]'
Slack : -0.495
TNS   : -1.801

Type  : Slow 1100mV 0C Model Hold 'KEY[0]'
Slack : 0.225
TNS   : 0.000

Type  : Slow 1100mV 0C Model Minimum Pulse Width 'KEY[0]'
Slack : -0.394
TNS   : -3.498

Type  : Fast 1100mV 85C Model Setup 'KEY[0]'
Slack : 0.145
TNS   : 0.000

Type  : Fast 1100mV 85C Model Hold 'KEY[0]'
Slack : 0.154
TNS   : 0.000

Type  : Fast 1100mV 85C Model Minimum Pulse Width 'KEY[0]'
Slack : -0.074
TNS   : -0.438

Type  : Fast 1100mV 0C Model Setup 'KEY[0]'
Slack : 0.192
TNS   : 0.000

Type  : Fast 1100mV 0C Model Hold 'KEY[0]'
Slack : 0.139
TNS   : 0.000

Type  : Fast 1100mV 0C Model Minimum Pulse Width 'KEY[0]'
Slack : -0.076
TNS   : -0.450

------------------------------------------------------------
